// Jest Snapshot v1, https://goo.gl/fbAQLP

exports[`restServers/estaciones / should provide a list of estaciones 1`] = `Object {}`;

exports[`restServers/estaciones / should provide a list of estaciones 2`] = `"select * from Estaciones order by nombre"`;

exports[`restServers/estaciones delete /RET success 1`] = `Object {}`;

exports[`restServers/estaciones delete /RET success 2`] = `"delete from Estaciones where idEstacion = 'RET'"`;

exports[`restServers/estaciones delete /XXX fail 1`] = `Object {}`;

exports[`restServers/estaciones delete /XXX fail 2`] = `"delete from Estaciones where idEstacion = 'XXX'"`;

exports[`restServers/estaciones get /RET fail 1`] = `Object {}`;

exports[`restServers/estaciones get /RET fail 2`] = `"select * from Estaciones where idEstacion = 'XXX'"`;

exports[`restServers/estaciones get /RET success 1`] = `Object {}`;

exports[`restServers/estaciones get /RET success 2`] = `"select * from Estaciones where idEstacion = 'RET'"`;

exports[`restServers/estaciones get /existe/ id /RET success 1`] = `Object {}`;

exports[`restServers/estaciones get /existe/ id /RET success 2`] = `"select count(*) as hay from Estaciones where idEstacion = 'RET'"`;

exports[`restServers/estaciones get /existe/ id /YYY fail 1`] = `Object {}`;

exports[`restServers/estaciones get /existe/ id /YYY fail 2`] = `"select count(*) as hay from Estaciones where idEstacion = 'YYY'"`;

exports[`restServers/estaciones get /existe/nombre /Retiro success 1`] = `Object {}`;

exports[`restServers/estaciones get /existe/nombre /Retiro success 2`] = `"select count(*) as hay from Estaciones where nombre = 'Retiro'"`;

exports[`restServers/estaciones get /existe/nombre /YYYY fail 1`] = `Object {}`;

exports[`restServers/estaciones get /existe/nombre /YYYY fail 2`] = `"select count(*) as hay from Estaciones where nombre = 'YYYY'"`;

exports[`restServers/estaciones get /idEstacion fail 1`] = `Object {}`;

exports[`restServers/estaciones get /idEstacion fail 2`] = `"select * from Estaciones where idEstacion = 'XXX'"`;

exports[`restServers/estaciones get /idEstacion success 1`] = `Object {}`;

exports[`restServers/estaciones get /idEstacion success 2`] = `"select * from Estaciones where idEstacion = 'RET'"`;

exports[`restServers/estaciones get /nombre/nombre fail 1`] = `Object {}`;

exports[`restServers/estaciones get /nombre/nombre fail 2`] = `"select * from Estaciones where nombre = 'Retiro'"`;

exports[`restServers/estaciones get /nombre/nombre success 1`] = `Object {}`;

exports[`restServers/estaciones get /nombre/nombre success 2`] = `"select * from Estaciones where nombre = 'Retiro'"`;

exports[`restServers/estaciones post duplicate 1`] = `Object {}`;

exports[`restServers/estaciones post duplicate 2`] = `"insert into Estaciones set ?"`;

exports[`restServers/estaciones post success 1`] = `Object {}`;

exports[`restServers/estaciones post success 2`] = `"insert into Estaciones set ?"`;

exports[`restServers/estaciones put /RET success 1`] = `Object {}`;

exports[`restServers/estaciones put /RET success 2`] = `"update Estaciones set \`nombre\` = 'Retiro' where idEstacion = 'RET'"`;

exports[`restServers/estaciones put /XXX fail 1`] = `Object {}`;

exports[`restServers/estaciones put /XXX fail 2`] = `"update Estaciones set \`nombre\` = 'Retiro' where idEstacion = 'XXX'"`;
