// Jest Snapshot v1, https://goo.gl/fbAQLP

exports[`NavBar with Brand should render within one another 1`] = `
<NavBar
  brand="Titulo"
>
  <nav
    className="navbar navbar-light"
  >
    <div
      className="navbar-brand"
    >
      Titulo
    </div>
    <button
      aria-expanded={false}
      aria-label="Toggle navigation"
      className="navbar-toggler collapsed"
      onClick={[Function]}
      type="button"
    >
      <span
        className="navbar-toggler-icon"
      />
    </button>
    <div
      className="collapse navbar-collapse show"
      onClick={[Function]}
    />
  </nav>
</NavBar>
`;
