// Jest Snapshot v1, https://goo.gl/fbAQLP

exports[`NavBar bar with children and brand 1`] = `
<nav
  className="navbar navbar-light"
>
  <div
    className="navbar-brand"
  >
    pepe
  </div>
  <button
    aria-expanded={false}
    aria-label="Toggle navigation"
    className="navbar-toggler collapsed"
    onClick={[Function]}
    type="button"
  >
    <span
      className="navbar-toggler-icon"
    />
  </button>
  <div
    className="collapse navbar-collapse show"
    onClick={[Function]}
  >
    something or other 
  </div>
</nav>
`;

exports[`NavBar bar with children, brand and href 1`] = `
<nav
  className="navbar navbar-light"
>
  <Link
    className="navbar-brand"
    replace={false}
    to="/pepe"
  >
    pepe
  </Link>
  <button
    aria-expanded={false}
    aria-label="Toggle navigation"
    className="navbar-toggler collapsed"
    onClick={[Function]}
    type="button"
  >
    <span
      className="navbar-toggler-icon"
    />
  </button>
  <div
    className="collapse navbar-collapse show"
    onClick={[Function]}
  >
    something or other
     
  </div>
</nav>
`;

exports[`NavBar plain render bar 1`] = `
<nav
  className="navbar navbar-light"
>
  <div
    className="navbar-brand"
  />
  <button
    aria-expanded={false}
    aria-label="Toggle navigation"
    className="navbar-toggler collapsed"
    onClick={[Function]}
    type="button"
  >
    <span
      className="navbar-toggler-icon"
    />
  </button>
  <div
    className="collapse navbar-collapse show"
    onClick={[Function]}
  />
</nav>
`;

exports[`NavBar render bar with children 1`] = `
<nav
  className="navbar navbar-light"
>
  <div
    className="navbar-brand"
  />
  <button
    aria-expanded={false}
    aria-label="Toggle navigation"
    className="navbar-toggler collapsed"
    onClick={[Function]}
    type="button"
  >
    <span
      className="navbar-toggler-icon"
    />
  </button>
  <div
    className="collapse navbar-collapse show"
    onClick={[Function]}
  >
    something or other 
  </div>
</nav>
`;
