// Jest Snapshot v1, https://goo.gl/fbAQLP

exports[`App component raw component should render (shallow) 1`] = `
<div
  className="App"
>
  <HelmetWrapper
    defer={true}
    encodeSpecialCharacters={true}
  >
    <title>
      Sistrac
    </title>
  </HelmetWrapper>
  <Uncontrolled(Navbar)
    bsStyle="default"
    staticTop={true}
  >
    <NavbarHeader>
      <NavbarBrand>
        <a
          href="/"
        >
          Sistrac
        </a>
      </NavbarBrand>
    </NavbarHeader>
    <Nav
      bsClass="nav"
      justified={false}
      pullLeft={false}
      pullRight={false}
      stacked={false}
    >
      <NavItem
        eventKey={1}
        href="/estaciones"
      >
        Estaciones
      </NavItem>
      <NavItem
        eventKey={2}
        href="#"
      >
        Link
      </NavItem>
      <NavDropdown
        eventKey={3}
        id="basic-nav-dropdown"
        title="Dropdown"
      >
        <MenuItem
          bsClass="dropdown"
          disabled={false}
          divider={false}
          eventKey={3.1}
          header={false}
        >
          Action
        </MenuItem>
        <MenuItem
          bsClass="dropdown"
          disabled={false}
          divider={false}
          eventKey={3.2}
          header={false}
        >
          Another action
        </MenuItem>
        <MenuItem
          bsClass="dropdown"
          disabled={false}
          divider={false}
          eventKey={3.3}
          header={false}
        >
          Something else here
        </MenuItem>
        <MenuItem
          bsClass="dropdown"
          disabled={false}
          divider={true}
          header={false}
        />
        <MenuItem
          bsClass="dropdown"
          disabled={false}
          divider={false}
          eventKey={3.4}
          header={false}
        >
          Separated link
        </MenuItem>
      </NavDropdown>
    </Nav>
  </Uncontrolled(Navbar)>
  <Route
    component={[Function]}
    path="/estaciones"
  />
  <Route
    component={[Function]}
    path="/estacion/:idEstacion"
  />
  <Route
    component={[Function]}
    path="/login"
  />
</div>
`;

exports[`App component raw component should render a blank screen when there is a user 1`] = `
<div
  className="App"
>
  <HelmetWrapper
    defer={true}
    encodeSpecialCharacters={true}
  >
    <title>
      Sistrac
    </title>
  </HelmetWrapper>
  <Uncontrolled(Navbar)
    bsStyle="default"
    staticTop={true}
  >
    <NavbarHeader>
      <NavbarBrand>
        <a
          href="/"
        >
          Sistrac
        </a>
      </NavbarBrand>
    </NavbarHeader>
    <Nav
      bsClass="nav"
      justified={false}
      pullLeft={false}
      pullRight={false}
      stacked={false}
    >
      <NavItem
        eventKey={1}
        href="/estaciones"
      >
        Estaciones
      </NavItem>
      <NavItem
        eventKey={2}
        href="#"
      >
        Link
      </NavItem>
      <NavDropdown
        eventKey={3}
        id="basic-nav-dropdown"
        title="Dropdown"
      >
        <MenuItem
          bsClass="dropdown"
          disabled={false}
          divider={false}
          eventKey={3.1}
          header={false}
        >
          Action
        </MenuItem>
        <MenuItem
          bsClass="dropdown"
          disabled={false}
          divider={false}
          eventKey={3.2}
          header={false}
        >
          Another action
        </MenuItem>
        <MenuItem
          bsClass="dropdown"
          disabled={false}
          divider={false}
          eventKey={3.3}
          header={false}
        >
          Something else here
        </MenuItem>
        <MenuItem
          bsClass="dropdown"
          disabled={false}
          divider={true}
          header={false}
        />
        <MenuItem
          bsClass="dropdown"
          disabled={false}
          divider={false}
          eventKey={3.4}
          header={false}
        >
          Separated link
        </MenuItem>
      </NavDropdown>
    </Nav>
  </Uncontrolled(Navbar)>
  <Route
    component={[Function]}
    path="/estaciones"
  />
  <Route
    component={[Function]}
    path="/estacion/:idEstacion"
  />
  <Route
    component={[Function]}
    path="/login"
  />
</div>
`;
